// Jest Snapshot v1, https://goo.gl/fbAQLP

exports[`Snapshot 1`] = `
Object {
  "Resources": Object {
    "ScheduledBuildAwsCliCodeBuildProject6718A45A": Object {
      "Properties": Object {
        "Artifacts": Object {
          "Type": "NO_ARTIFACTS",
        },
        "BadgeEnabled": true,
        "Cache": Object {
          "Modes": Array [
            "LOCAL_DOCKER_LAYER_CACHE",
            "LOCAL_CUSTOM_CACHE",
          ],
          "Type": "LOCAL",
        },
        "EncryptionKey": "alias/aws/s3",
        "Environment": Object {
          "ComputeType": "BUILD_GENERAL1_SMALL",
          "Image": "aws/codebuild/standard:2.0",
          "PrivilegedMode": true,
          "Type": "LINUX_CONTAINER",
        },
        "ServiceRole": Object {
          "Fn::GetAtt": Array [
            "ScheduledBuildAwsCliCodeBuildProjectRole5E0D35C8",
            "Arn",
          ],
        },
        "Source": Object {
          "Location": "https://github.com/pahud/docker-awscli.git",
          "ReportBuildStatus": true,
          "Type": "GITHUB",
        },
      },
      "Type": "AWS::CodeBuild::Project",
    },
    "ScheduledBuildAwsCliCodeBuildProjectEventsRole041431E7": Object {
      "Properties": Object {
        "AssumeRolePolicyDocument": Object {
          "Statement": Array [
            Object {
              "Action": "sts:AssumeRole",
              "Effect": "Allow",
              "Principal": Object {
                "Service": "events.amazonaws.com",
              },
            },
          ],
          "Version": "2012-10-17",
        },
      },
      "Type": "AWS::IAM::Role",
    },
    "ScheduledBuildAwsCliCodeBuildProjectEventsRoleDefaultPolicy2B0FB740": Object {
      "Properties": Object {
        "PolicyDocument": Object {
          "Statement": Array [
            Object {
              "Action": "codebuild:StartBuild",
              "Effect": "Allow",
              "Resource": Object {
                "Fn::GetAtt": Array [
                  "ScheduledBuildAwsCliCodeBuildProject6718A45A",
                  "Arn",
                ],
              },
            },
          ],
          "Version": "2012-10-17",
        },
        "PolicyName": "ScheduledBuildAwsCliCodeBuildProjectEventsRoleDefaultPolicy2B0FB740",
        "Roles": Array [
          Object {
            "Ref": "ScheduledBuildAwsCliCodeBuildProjectEventsRole041431E7",
          },
        ],
      },
      "Type": "AWS::IAM::Policy",
    },
    "ScheduledBuildAwsCliCodeBuildProjectRole5E0D35C8": Object {
      "Properties": Object {
        "AssumeRolePolicyDocument": Object {
          "Statement": Array [
            Object {
              "Action": "sts:AssumeRole",
              "Effect": "Allow",
              "Principal": Object {
                "Service": "codebuild.amazonaws.com",
              },
            },
          ],
          "Version": "2012-10-17",
        },
      },
      "Type": "AWS::IAM::Role",
    },
    "ScheduledBuildAwsCliCodeBuildProjectRoleDefaultPolicy570FA2DF": Object {
      "Properties": Object {
        "PolicyDocument": Object {
          "Statement": Array [
            Object {
              "Action": Array [
                "logs:CreateLogGroup",
                "logs:CreateLogStream",
                "logs:PutLogEvents",
              ],
              "Effect": "Allow",
              "Resource": Array [
                Object {
                  "Fn::Join": Array [
                    "",
                    Array [
                      "arn:",
                      Object {
                        "Ref": "AWS::Partition",
                      },
                      ":logs:",
                      Object {
                        "Ref": "AWS::Region",
                      },
                      ":",
                      Object {
                        "Ref": "AWS::AccountId",
                      },
                      ":log-group:/aws/codebuild/",
                      Object {
                        "Ref": "ScheduledBuildAwsCliCodeBuildProject6718A45A",
                      },
                    ],
                  ],
                },
                Object {
                  "Fn::Join": Array [
                    "",
                    Array [
                      "arn:",
                      Object {
                        "Ref": "AWS::Partition",
                      },
                      ":logs:",
                      Object {
                        "Ref": "AWS::Region",
                      },
                      ":",
                      Object {
                        "Ref": "AWS::AccountId",
                      },
                      ":log-group:/aws/codebuild/",
                      Object {
                        "Ref": "ScheduledBuildAwsCliCodeBuildProject6718A45A",
                      },
                      ":*",
                    ],
                  ],
                },
              ],
            },
            Object {
              "Action": Array [
                "codebuild:CreateReportGroup",
                "codebuild:CreateReport",
                "codebuild:UpdateReport",
                "codebuild:BatchPutTestCases",
              ],
              "Effect": "Allow",
              "Resource": Object {
                "Fn::Join": Array [
                  "",
                  Array [
                    "arn:",
                    Object {
                      "Ref": "AWS::Partition",
                    },
                    ":codebuild:",
                    Object {
                      "Ref": "AWS::Region",
                    },
                    ":",
                    Object {
                      "Ref": "AWS::AccountId",
                    },
                    ":report-group/",
                    Object {
                      "Ref": "ScheduledBuildAwsCliCodeBuildProject6718A45A",
                    },
                    "-*",
                  ],
                ],
              },
            },
            Object {
              "Action": Array [
                "ecr:BatchCheckLayerAvailability",
                "ecr:GetDownloadUrlForLayer",
                "ecr:BatchGetImage",
              ],
              "Effect": "Allow",
              "Resource": Object {
                "Fn::GetAtt": Array [
                  "ScheduledBuildAwsCliRepository11590709",
                  "Arn",
                ],
              },
            },
            Object {
              "Action": "ecr:GetAuthorizationToken",
              "Effect": "Allow",
              "Resource": "*",
            },
            Object {
              "Action": Array [
                "ecr:PutImage",
                "ecr:InitiateLayerUpload",
                "ecr:UploadLayerPart",
                "ecr:CompleteLayerUpload",
              ],
              "Effect": "Allow",
              "Resource": Object {
                "Fn::GetAtt": Array [
                  "ScheduledBuildAwsCliRepository11590709",
                  "Arn",
                ],
              },
            },
          ],
          "Version": "2012-10-17",
        },
        "PolicyName": "ScheduledBuildAwsCliCodeBuildProjectRoleDefaultPolicy570FA2DF",
        "Roles": Array [
          Object {
            "Ref": "ScheduledBuildAwsCliCodeBuildProjectRole5E0D35C8",
          },
        ],
      },
      "Type": "AWS::IAM::Policy",
    },
    "ScheduledBuildAwsCliRepository11590709": Object {
      "DeletionPolicy": "Retain",
      "Properties": Object {
        "LifecyclePolicy": Object {
          "LifecyclePolicyText": "{\\"rules\\":[{\\"rulePriority\\":1,\\"selection\\":{\\"tagStatus\\":\\"any\\",\\"countType\\":\\"sinceImagePushed\\",\\"countNumber\\":30,\\"countUnit\\":\\"days\\"},\\"action\\":{\\"type\\":\\"expire\\"}}]}",
        },
        "RepositoryName": "awscli-daily-autobuild",
      },
      "Type": "AWS::ECR::Repository",
      "UpdateReplacePolicy": "Retain",
    },
    "ScheduledBuildAwsCliRule4862591F": Object {
      "Properties": Object {
        "ScheduleExpression": "rate(1 day)",
        "State": "ENABLED",
        "Targets": Array [
          Object {
            "Arn": Object {
              "Fn::GetAtt": Array [
                "ScheduledBuildAwsCliCodeBuildProject6718A45A",
                "Arn",
              ],
            },
            "Id": "Target0",
            "RoleArn": Object {
              "Fn::GetAtt": Array [
                "ScheduledBuildAwsCliCodeBuildProjectEventsRole041431E7",
                "Arn",
              ],
            },
          },
        ],
      },
      "Type": "AWS::Events::Rule",
    },
  },
}
`;
